\BOOKMARK [1][-]{section.1}{\376\377\000I\000n\000t\000r\000o\000d\000u\000c\000t\000i\000o\000n}{}% 1
\BOOKMARK [1][-]{section.2}{\376\377\000R\000e\000l\000a\000t\000e\000d\000\040\000W\000o\000r\000k}{}% 2
\BOOKMARK [1][-]{section.3}{\376\377\000D\000a\000t\000a\000s\000e\000t\000\040\000a\000n\000d\000\040\000P\000r\000e\000p\000r\000o\000c\000e\000s\000s\000i\000n\000g}{}% 3
\BOOKMARK [2][-]{subsection.3.1}{\376\377\000M\000A\000U\000S\000\040\000D\000a\000t\000a\000s\000e\000t}{section.3}% 4
\BOOKMARK [2][-]{subsection.3.2}{\376\377\000S\000i\000g\000n\000a\000l\000\040\000P\000r\000e\000p\000r\000o\000c\000e\000s\000s\000i\000n\000g}{section.3}% 5
\BOOKMARK [1][-]{section.4}{\376\377\000F\000e\000a\000t\000u\000r\000e\000\040\000E\000x\000t\000r\000a\000c\000t\000i\000o\000n}{}% 6
\BOOKMARK [2][-]{subsection.4.1}{\376\377\000A\000l\000g\000o\000r\000i\000t\000h\000m\000\040\0001\000:\000\040\000S\000t\000a\000t\000i\000s\000t\000i\000c\000a\000l\000\040\000+\000\040\000S\000p\000e\000c\000t\000r\000a\000l\000\040\000F\000e\000a\000t\000u\000r\000e\000s\000\040\000\050\0005\0002\000-\000d\000\051}{section.4}% 7
\BOOKMARK [2][-]{subsection.4.2}{\376\377\000A\000l\000g\000o\000r\000i\000t\000h\000m\000\040\0002\000:\000\040\000D\000W\000T\000\040\000F\000e\000a\000t\000u\000r\000e\000s\000\040\000\050\0001\0002\0000\000-\000d\000\051}{section.4}% 8
\BOOKMARK [2][-]{subsection.4.3}{\376\377\000C\000o\000m\000b\000i\000n\000e\000d\000\040\000F\000e\000a\000t\000u\000r\000e\000\040\000V\000e\000c\000t\000o\000r}{section.4}% 9
\BOOKMARK [1][-]{section.5}{\376\377\000M\000e\000t\000h\000o\000d\000o\000l\000o\000g\000y}{}% 10
\BOOKMARK [2][-]{subsection.5.1}{\376\377\000B\000a\000s\000e\000l\000i\000n\000e\000\040\000S\000h\000a\000l\000l\000o\000w\000\040\000C\000l\000a\000s\000s\000i\000f\000i\000e\000r\000s}{section.5}% 11
\BOOKMARK [2][-]{subsection.5.2}{\376\377\000P\000r\000o\000p\000o\000s\000e\000d\000\040\000M\000e\000t\000h\000o\000d\000:\000\040\000R\000e\000s\000N\000e\000t\0001\000D\000\040\000w\000i\000t\000h\000\040\000C\000o\000n\000f\000o\000r\000m\000a\000l\000\040\000P\000r\000e\000d\000i\000c\000t\000i\000o\000n}{section.5}% 12
\BOOKMARK [3][-]{subsubsection.5.2.1}{\376\377\000A\000r\000c\000h\000i\000t\000e\000c\000t\000u\000r\000e}{subsection.5.2}% 13
\BOOKMARK [3][-]{subsubsection.5.2.2}{\376\377\000T\000r\000a\000i\000n\000i\000n\000g}{subsection.5.2}% 14
\BOOKMARK [3][-]{subsubsection.5.2.3}{\376\377\000S\000u\000b\000j\000e\000c\000t\000-\000A\000d\000a\000p\000t\000i\000v\000e\000\040\000N\000o\000r\000m\000a\000l\000i\000s\000a\000t\000i\000o\000n}{subsection.5.2}% 15
\BOOKMARK [3][-]{subsubsection.5.2.4}{\376\377\000C\000o\000n\000f\000o\000r\000m\000a\000l\000\040\000P\000r\000e\000d\000i\000c\000t\000i\000o\000n\000\040\000w\000i\000t\000h\000\040\000A\000P\000S}{subsection.5.2}% 16
\BOOKMARK [1][-]{section.6}{\376\377\000E\000v\000a\000l\000u\000a\000t\000i\000o\000n\000\040\000P\000r\000o\000t\000o\000c\000o\000l\000s}{}% 17
\BOOKMARK [1][-]{section.7}{\376\377\000E\000x\000p\000e\000r\000i\000m\000e\000n\000t\000a\000l\000\040\000R\000e\000s\000u\000l\000t\000s}{}% 18
\BOOKMARK [2][-]{subsection.7.1}{\376\377\0005\000-\000F\000o\000l\000d\000\040\000C\000V\000:\000\040\000B\000a\000s\000e\000l\000i\000n\000e\000\040\000v\000s\000.\000\040\000P\000r\000o\000p\000o\000s\000e\000d}{section.7}% 19
\BOOKMARK [2][-]{subsection.7.2}{\376\377\000C\000o\000m\000p\000a\000r\000a\000t\000i\000v\000e\000\040\000A\000n\000a\000l\000y\000s\000i\000s\000:\000\040\000T\000h\000r\000e\000e\000-\000A\000l\000g\000o\000r\000i\000t\000h\000m\000\040\000B\000a\000s\000e\000l\000i\000n\000e}{section.7}% 20
\BOOKMARK [2][-]{subsection.7.3}{\376\377\000E\000v\000a\000l\000u\000a\000t\000i\000o\000n\000\040\000P\000r\000o\000t\000o\000c\000o\000l\000\040\000S\000e\000n\000s\000i\000t\000i\000v\000i\000t\000y}{section.7}% 21
\BOOKMARK [2][-]{subsection.7.4}{\376\377\000C\000o\000n\000f\000u\000s\000i\000o\000n\000\040\000M\000a\000t\000r\000i\000x\000\040\000A\000n\000a\000l\000y\000s\000i\000s}{section.7}% 22
\BOOKMARK [2][-]{subsection.7.5}{\376\377\000C\000o\000n\000f\000o\000r\000m\000a\000l\000\040\000P\000r\000e\000d\000i\000c\000t\000i\000o\000n\000\040\000R\000e\000s\000u\000l\000t\000s}{section.7}% 23
\BOOKMARK [1][-]{section.8}{\376\377\000D\000i\000s\000c\000u\000s\000s\000i\000o\000n}{}% 24
\BOOKMARK [2][-]{subsection.8.1}{\376\377\000W\000h\000y\000\040\000D\000o\000e\000s\000\040\000R\000a\000n\000d\000o\000m\000\040\000F\000o\000r\000e\000s\000t\000\040\000O\000u\000t\000p\000e\000r\000f\000o\000r\000m\000\040\000R\000e\000s\000N\000e\000t\0001\000D\000?}{section.8}% 25
\BOOKMARK [2][-]{subsection.8.2}{\376\377\000W\000h\000e\000n\000\040\000D\000o\000e\000s\000\040\000F\000e\000a\000t\000u\000r\000e\000\040\000E\000n\000g\000i\000n\000e\000e\000r\000i\000n\000g\000\040\000F\000a\000i\000l\000?}{section.8}% 26
\BOOKMARK [2][-]{subsection.8.3}{\376\377\000C\000o\000n\000f\000o\000r\000m\000a\000l\000\040\000P\000r\000e\000d\000i\000c\000t\000i\000o\000n\000\040\000a\000s\000\040\000a\000\040\000D\000e\000p\000l\000o\000y\000m\000e\000n\000t\000\040\000S\000a\000f\000e\000t\000y\000\040\000M\000e\000c\000h\000a\000n\000i\000s\000m}{section.8}% 27
\BOOKMARK [2][-]{subsection.8.4}{\376\377\000S\000e\000n\000s\000o\000r\000\040\000S\000e\000l\000e\000c\000t\000i\000o\000n\000\040\000f\000o\000r\000\040\000W\000e\000a\000r\000a\000b\000l\000e\000s}{section.8}% 28
\BOOKMARK [1][-]{section.9}{\376\377\000C\000o\000n\000c\000l\000u\000s\000i\000o\000n}{}% 29
\BOOKMARK [1][-]{section*.7}{\376\377\000R\000e\000f\000e\000r\000e\000n\000c\000e\000s}{}% 30
